ValidationError: Claim validation failed: typeOfSurvey: `SPOT` is not a valid enum value for path `typeOfSurvey`.
    at Document.invalidate (C:\GII Projects\Insure CRM\Insure-CRM-Backend\node_modules\mongoose\lib\document.js:3381:32)
    at C:\GII Projects\Insure CRM\Insure-CRM-Backend\node_modules\mongoose\lib\document.js:3142:17
    at C:\GII Projects\Insure CRM\Insure-CRM-Backend\node_modules\mongoose\lib\schemaType.js:1446:9
    at process.processTicksAndRejections (node:internal/process/task_queues:85:11)
ValidationError: Claim validation failed: typeOfSurvey: `SPOT` is not a valid enum value for path `typeOfSurvey`.
    at Document.invalidate (C:\GII Projects\Insure CRM\Insure-CRM-Backend\node_modules\mongoose\lib\document.js:3381:32)
    at C:\GII Projects\Insure CRM\Insure-CRM-Backend\node_modules\mongoose\lib\document.js:3142:17
    at C:\GII Projects\Insure CRM\Insure-CRM-Backend\node_modules\mongoose\lib\schemaType.js:1446:9
    at process.processTicksAndRejections (node:internal/process/task_queues:85:11)
MissingSchemaError: Schema hasn't been registered for model "investigator".
Use mongoose.model(name, schema)
    at NativeConnection.model (C:\GII Projects\Insure CRM\Insure-CRM-Backend\node_modules\mongoose\lib\connection.js:1497:13)
    at _getModelFromConn (C:\GII Projects\Insure CRM\Insure-CRM-Backend\node_modules\mongoose\lib\helpers\populate\getModelsMapForPopulate.js:579:15)
    at addModelNamesToMap (C:\GII Projects\Insure CRM\Insure-CRM-Backend\node_modules\mongoose\lib\helpers\populate\getModelsMapForPopulate.js:507:17)
    at getModelsMapForPopulate (C:\GII Projects\Insure CRM\Insure-CRM-Backend\node_modules\mongoose\lib\helpers\populate\getModelsMapForPopulate.js:208:7)
    at _populatePath (C:\GII Projects\Insure CRM\Insure-CRM-Backend\node_modules\mongoose\lib\model.js:4492:21)
    at model.populate (C:\GII Projects\Insure CRM\Insure-CRM-Backend\node_modules\mongoose\lib\model.js:4459:21)
    at C:\GII Projects\Insure CRM\Insure-CRM-Backend\node_modules\mongoose\lib\query.js:2654:11
    at _init (C:\GII Projects\Insure CRM\Insure-CRM-Backend\node_modules\mongoose\lib\query.js:3330:5)
    at Document.init (C:\GII Projects\Insure CRM\Insure-CRM-Backend\node_modules\mongoose\lib\document.js:660:5)
    at Document.$init (C:\GII Projects\Insure CRM\Insure-CRM-Backend\node_modules\mongoose\lib\document.js:673:42)
